FAIL
|  <!--
|    Copyright 2015 The AMP HTML Authors. All Rights Reserved.
|    Licensed under the Apache License, Version 2.0 (the "License");
|    you may not use this file except in compliance with the License.
|    You may obtain a copy of the License at
|        http://www.apache.org/licenses/LICENSE-2.0
|    Unless required by applicable law or agreed to in writing, software
|    distributed under the License is distributed on an "AS-IS" BASIS,
|    WITHOUT WARRANTIES OR CONDITIONS OF ANY KIND, either express or implied.
|    See the License for the specific language governing permissions and
|    limitations under the license.
|  -->
|  <!--
|    Test Description: Basic test for amp-payment-google-inline
|  -->
|  <!doctype html>
|  <html âš¡>
|  <head>
|    <meta charset="utf-8">
|    <title>amp-payment-google-inline: Basic</title>
|    <link rel="canonical" href="amps.html">
|    <meta name="viewport" content="width=device-width,minimum-scale=1,initial-scale=1">
|    <link href="https://fonts.googleapis.com/css?family=Questrial" rel="stylesheet" type="text/css">
|    <style amp-boilerplate>body{-webkit-animation:-amp-start 8s steps(1,end) 0s 1 normal both;-moz-animation:-amp-start 8s steps(1,end) 0s 1 normal both;-ms-animation:-amp-start 8s steps(1,end) 0s 1 normal both;animation:-amp-start 8s steps(1,end) 0s 1 normal both}@-webkit-keyframes -amp-start{from{visibility:hidden}to{visibility:visible}}@-moz-keyframes -amp-start{from{visibility:hidden}to{visibility:visible}}@-ms-keyframes -amp-start{from{visibility:hidden}to{visibility:visible}}@-o-keyframes -amp-start{from{visibility:hidden}to{visibility:visible}}@keyframes -amp-start{from{visibility:hidden}to{visibility:visible}}</style><noscript><style amp-boilerplate>body{-webkit-animation:none;-moz-animation:none;-ms-animation:none;animation:none}</style></noscript>
|    <script async src="https://cdn.ampproject.org/v0.js"></script>
|    <script async custom-element="amp-payment-google-inline"
|        src="https://cdn.ampproject.org/v0/amp-payment-google-inline-0.1.js"></script>
|    <script async custom-element="amp-form"
|        src="https://cdn.ampproject.org/v0/amp-form-0.1.js"></script>
|  </head>
|  <body>
|    <!-- Valid -->
|    <form method="post"
|      action-xhr="www.example.com"
|      target="_top">
|      <amp-payment-google-inline
|        data-payment-data-input-id="payment-data">
|        <script type="application/json">
|          {
|            "config": "example"
|          }
|        </script>
|      </amp-payment-google-inline>
|    </form>
|    <!-- Valid: with test-override -->
|    <form method="post"
|      action-xhr="www.example.com"
|      target="_top">
|      <amp-payment-google-inline
|        data-payment-data-input-id="payment-data">
|        <script type="application/json">
|          {
|            "config": "origin"
|          }
|        </script>
|        <script type="application/json" name="test-override">
|          {
|            "config": "override"
|          }
|        </script>
|      </amp-payment-google-inline>
|    </form>
|    <!-- Valid: with is-test-mode -->
|    <form method="post"
|      action-xhr="www.example.com"
|      target="_top">
|      <amp-payment-google-inline
|        data-payment-data-input-id="payment-data"
|        is-test-mode="true">
|        <script type="application/json">
|          {
|            "config": "example"
|          }
|        </script>
|      </amp-payment-google-inline>
|    </form>
|    <!-- Invalid: missing data-payment-data-input-id -->
|    <form method="post"
|      action-xhr="www.example.com"
|      target="_top">
|      <amp-payment-google-inline>
>>     ^~~~~~~~~
amp-payment-google-inline/0.1/test/validator-amp-payment-google-inline.html:81:4 The mandatory attribute 'data-payment-data-input-id' is missing in tag 'amp-payment-google-inline'. (see https://www.ampproject.org/docs/reference/components/amp-payment-google-inline) [AMP_TAG_PROBLEM]
|        <script type="application/json">
|          {
|            "config": "example"
|          }
|        </script>
|      </amp-payment-google-inline>
|    </form>
|    <!-- Invalid: missing JSON config -->
|    <form method="post"
|      action-xhr="www.example.com"
|      target="_top">
|      <amp-payment-google-inline
>>     ^~~~~~~~~
amp-payment-google-inline/0.1/test/validator-amp-payment-google-inline.html:93:4 Tag 'amp-payment-google-inline' must have a minimum of 1 child tags - saw 0 child tags. (see https://www.ampproject.org/docs/reference/components/amp-payment-google-inline) [GENERIC]
|        data-payment-data-input-id="payment-data">
|      </amp-payment-google-inline>
|    </form>
|    <!-- Invalid: missing enclosing amp form -->
|    <amp-payment-google-inline
>>   ^~~~~~~~~
amp-payment-google-inline/0.1/test/validator-amp-payment-google-inline.html:98:2 The tag 'amp-payment-google-inline' may only appear as a descendant of tag 'form [method=post]'. (see https://www.ampproject.org/docs/reference/components/amp-payment-google-inline) [AMP_TAG_PROBLEM]
|      data-payment-data-input-id="payment-data">
|    </amp-payment-google-inline>
|  </body>
|  </html>

